Copyright 1986-2020 Xilinx, Inc. All Rights Reserved.
--------------------------------------------------------------------------------------
| Tool Version : Vivado v.2020.1 (win64) Build 2902540 Wed May 27 19:54:49 MDT 2020
| Date         : Sat Nov 23 12:44:18 2024
| Host         : LAPTOP-QAS5BNSD running 64-bit major release  (build 9200)
| Command      : report_incremental_reuse -file base_top_incremental_reuse_routed.rpt
| Design       : base_top
| Device       : xc7a35t
| Design State : Fully Routed
--------------------------------------------------------------------------------------

Incremental Implementation Information

Table of Contents
-----------------
1. Incremental Flow Summary
2. Reuse Summary
3. Reference Checkpoint Information
4. Comparison with Reference Run
5. Optimization Comparison With Reference Run
5.1 iphys_opt_replay Optimizations
5.2 QoR Suggestion Optimizations
6. Command Comparison with Reference Run
6.1 Reference:
6.2 Incremental:
7. Non Reuse Information

1. Incremental Flow Summary
---------------------------

+-----------------------+------------------+
|    Flow Information   |       Value      |
+-----------------------+------------------+
| Synthesis Flow        |          Default |
| Auto Incremental      |              Yes |
| Incremental Directive | RuntimeOptimized |
| Reuse mode            |             High |
| Target WNS            |              0.0 |
| QoR Suggestions       |                0 |
+-----------------------+------------------+


2. Reuse Summary
----------------

+-------+------------------------------+------------------------------------+----------------------------+--------------------+-------+
|  Type | Matched % (of Initial Total) | Initial Reuse % (of Initial Total) | Current Reuse % (of Total) | Fixed % (of Total) | Total |
+-------+------------------------------+------------------------------------+----------------------------+--------------------+-------+
| Cells |                        99.97 |                              99.97 |                      99.97 |               0.34 |  4926 |
| Nets  |                        99.98 |                              99.90 |                      99.75 |               0.00 |  3332 |
| Pins  |                            - |                              99.98 |                      99.73 |                  - | 21380 |
| Ports |                       100.00 |                             100.00 |                     100.00 |             100.00 |    17 |
+-------+------------------------------+------------------------------------+----------------------------+--------------------+-------+


3. Reference Checkpoint Information
-----------------------------------

+----------------+---------------------------------------------------------------------------------------------------------------+
| DCP Location:  | D:/cpulab/CPU_single_implementation/CPU_single_implementation.srcs/utils_1/imports/impl_1/base_top_routed.dcp |
+----------------+---------------------------------------------------------------------------------------------------------------+


+--------------------------------+----------------------------+
|         DCP Information        |            Value           |
+--------------------------------+----------------------------+
| Vivado Version                 |                     2020.1 |
| DCP State                      |                 POST_ROUTE |
| Recorded WNS                   |                        N/A |
| Recorded WHS                   |                      0.000 |
| Reference Speed File Version   | PRODUCTION 1.23 2018-06-13 |
| Incremental Speed File Version | PRODUCTION 1.23 2018-06-13 |
+--------------------------------+----------------------------+
* Recorded WNS/WHS timing numbers are estimated timing numbers. They may vary slightly from sign-off timing numbers.


4. Comparison with Reference Run
--------------------------------

+-----------------+---------------------------+---------------------------+---------------------------+
|                 |          WNS(ns)          |  Runtime(elapsed)(hh:mm)  |    Runtime(cpu)(hh:mm)    |
+-----------------+-------------+-------------+-------------+-------------+-------------+-------------+
|      Stage      |  Reference  | Incremental |  Reference  | Incremental |  Reference  | Incremental |
+-----------------+-------------+-------------+-------------+-------------+-------------+-------------+
| opt_design      |             |             |             |     < 1 min |             |     < 1 min |
| read_checkpoint |             |             |             |     < 1 min |             |     < 1 min |
| place_design    |             |         N/A |             |     < 1 min |             |     < 1 min |
| phys_opt_design |             |             |             |             |             |             |
| route_design    |             |             |             |     < 1 min |             |     < 1 min |
+-----------------+-------------+-------------+-------------+-------------+-------------+-------------+


5. Optimization Comparison With Reference Run
---------------------------------------------

5.1 iphys_opt_replay Optimizations
----------------------------------

+-------------------------+--------+------------+
| iphys_opt_design replay | Reused | Not Reused |
+-------------------------+--------+------------+


5.2 QoR Suggestion Optimizations
--------------------------------

+-----------------+-------+
| QoR Suggestions | Value |
+-----------------+-------+


6. Command Comparison with Reference Run
----------------------------------------

6.1 Reference:
--------------

6.2 Incremental:
----------------
opt_design
read_checkpoint -directive RuntimeOptimized  -incremental -auto_incremental D:/cpulab/CPU_single_implementation/CPU_single_implementation.srcs/utils_1/imports/impl_1/base_top_routed.dcp
place_design
phys_opt_design
route_design

7. Non Reuse Information
------------------------

+------------------+------+
|       Type       |   %  |
+------------------+------+
| Non-Reused Cells | 0.02 |
|   New            | 0.02 |
+------------------+------+


